
> react-kavia@0.1.0 start
> react-scripts start

Attempting to bind to HOST environment variable: 0.0.0.0
If this was unintentional, check that you haven't mistakenly set it in your shell.
Learn more here: https://cra.link/advanced-config

(node:16542) [DEP_WEBPACK_DEV_SERVER_ON_AFTER_SETUP_MIDDLEWARE] DeprecationWarning: 'onAfterSetupMiddleware' option is deprecated. Please use the 'setupMiddlewares' option.
(Use `node --trace-deprecation ...` to show where the warning was created)
(node:16542) [DEP_WEBPACK_DEV_SERVER_ON_BEFORE_SETUP_MIDDLEWARE] DeprecationWarning: 'onBeforeSetupMiddleware' option is deprecated. Please use the 'setupMiddlewares' option.
Starting the development server...

Compiled successfully!

You can now view react-kavia in the browser.

  Local:            http://localhost:3000
  On Your Network:  http://172.17.0.2:3000

Note that the development build is not optimized.
To create a production build, use npm run build.

webpack compiled successfully
Compiling...
Compiled successfully!
webpack compiled successfully
Compiling...
Compiled successfully!
webpack compiled successfully
Compiling...
Compiled successfully!
webpack compiled successfully
Compiling...
Failed to compile.

Module not found: Error: Can't resolve '@clerk/clerk-react' in '/home/kavia/workspace/code-generation/calendatasker-120458-120468/calendar_frontend/src/components'
WARNING in [eslint] 
src/components/AuthProvider.jsx
  Line 2:25:  'useAuth' is defined but never used  no-unused-vars

src/components/AuthUI.jsx
  Line 2:18:  'SignUp' is defined but never used  no-unused-vars

ERROR in ./src/components/AuthProvider.jsx 5:0-99
Module not found: Error: Can't resolve '@clerk/clerk-react' in '/home/kavia/workspace/code-generation/calendatasker-120458-120468/calendar_frontend/src/components'

ERROR in ./src/components/AuthUI.jsx 6:0-94
Module not found: Error: Can't resolve '@clerk/clerk-react' in '/home/kavia/workspace/code-generation/calendatasker-120458-120468/calendar_frontend/src/components'

webpack compiled with 2 errors and 1 warning
Compiling...
Failed to compile.

Module not found: Error: Can't resolve '@clerk/clerk-react' in '/home/kavia/workspace/code-generation/calendatasker-120458-120468/calendar_frontend/src/components'
WARNING in [eslint] 
src/components/AuthProvider.jsx
  Line 2:25:  'useAuth' is defined but never used  no-unused-vars

src/components/AuthUI.jsx
  Line 2:18:  'SignUp' is defined but never used  no-unused-vars

ERROR in ./src/components/AuthProvider.jsx 5:0-99
Module not found: Error: Can't resolve '@clerk/clerk-react' in '/home/kavia/workspace/code-generation/calendatasker-120458-120468/calendar_frontend/src/components'

ERROR in ./src/components/AuthUI.jsx 6:0-94
Module not found: Error: Can't resolve '@clerk/clerk-react' in '/home/kavia/workspace/code-generation/calendatasker-120458-120468/calendar_frontend/src/components'

webpack compiled with 2 errors and 1 warning
Compiling...
Failed to compile.

Module not found: Error: Can't resolve '@clerk/clerk-react' in '/home/kavia/workspace/code-generation/calendatasker-120458-120468/calendar_frontend/src/components'
WARNING in [eslint] 
src/components/AuthProvider.jsx
  Line 2:25:  'useAuth' is defined but never used  no-unused-vars

src/components/AuthUI.jsx
  Line 2:18:  'SignUp' is defined but never used  no-unused-vars

ERROR in ./src/components/AuthProvider.jsx 5:0-99
Module not found: Error: Can't resolve '@clerk/clerk-react' in '/home/kavia/workspace/code-generation/calendatasker-120458-120468/calendar_frontend/src/components'

ERROR in ./src/components/AuthUI.jsx 6:0-94
Module not found: Error: Can't resolve '@clerk/clerk-react' in '/home/kavia/workspace/code-generation/calendatasker-120458-120468/calendar_frontend/src/components'

webpack compiled with 2 errors and 1 warning
Compiling...
Compiled with warnings.

Failed to parse source map from '/home/kavia/workspace/code-generation/calendatasker-120458-120468/calendar_frontend/node_modules/@clerk/clerk-react/dist/esm/components/SignInButton.js.map' file: Error: ENOENT: no such file or directory, open '/home/kavia/workspace/code-generation/calendatasker-120458-120468/calendar_frontend/node_modules/@clerk/clerk-react/dist/esm/components/SignInButton.js.map'

Failed to parse source map from '/home/kavia/workspace/code-generation/calendatasker-120458-120468/calendar_frontend/node_modules/@clerk/clerk-react/dist/esm/components/SignInWithMetamaskButton.js.map' file: Error: ENOENT: no such file or directory, open '/home/kavia/workspace/code-generation/calendatasker-120458-120468/calendar_frontend/node_modules/@clerk/clerk-react/dist/esm/components/SignInWithMetamaskButton.js.map'

Failed to parse source map from '/home/kavia/workspace/code-generation/calendatasker-120458-120468/calendar_frontend/node_modules/@clerk/clerk-react/dist/esm/components/SignOutButton.js.map' file: Error: ENOENT: no such file or directory, open '/home/kavia/workspace/code-generation/calendatasker-120458-120468/calendar_frontend/node_modules/@clerk/clerk-react/dist/esm/components/SignOutButton.js.map'

Failed to parse source map from '/home/kavia/workspace/code-generation/calendatasker-120458-120468/calendar_frontend/node_modules/@clerk/clerk-react/dist/esm/components/SignUpButton.js.map' file: Error: ENOENT: no such file or directory, open '/home/kavia/workspace/code-generation/calendatasker-120458-120468/calendar_frontend/node_modules/@clerk/clerk-react/dist/esm/components/SignUpButton.js.map'

Failed to parse source map from '/home/kavia/workspace/code-generation/calendatasker-120458-120468/calendar_frontend/node_modules/@clerk/clerk-react/dist/esm/components/index.js.map' file: Error: ENOENT: no such file or directory, open '/home/kavia/workspace/code-generation/calendatasker-120458-120468/calendar_frontend/node_modules/@clerk/clerk-react/dist/esm/components/index.js.map'

Failed to parse source map from '/home/kavia/workspace/code-generation/calendatasker-120458-120468/calendar_frontend/node_modules/@clerk/clerk-react/dist/esm/components/uiComponents.js.map' file: Error: ENOENT: no such file or directory, open '/home/kavia/workspace/code-generation/calendatasker-120458-120468/calendar_frontend/node_modules/@clerk/clerk-react/dist/esm/components/uiComponents.js.map'

Failed to parse source map from '/home/kavia/workspace/code-generation/calendatasker-120458-120468/calendar_frontend/node_modules/@clerk/clerk-react/dist/esm/components/withClerk.js.map' file: Error: ENOENT: no such file or directory, open '/home/kavia/workspace/code-generation/calendatasker-120458-120468/calendar_frontend/node_modules/@clerk/clerk-react/dist/esm/components/withClerk.js.map'

Failed to parse source map from '/home/kavia/workspace/code-generation/calendatasker-120458-120468/calendar_frontend/node_modules/@clerk/clerk-react/dist/esm/components/withSession.js.map' file: Error: ENOENT: no such file or directory, open '/home/kavia/workspace/code-generation/calendatasker-120458-120468/calendar_frontend/node_modules/@clerk/clerk-react/dist/esm/components/withSession.js.map'

Failed to parse source map from '/home/kavia/workspace/code-generation/calendatasker-120458-120468/calendar_frontend/node_modules/@clerk/clerk-react/dist/esm/components/withUser.js.map' file: Error: ENOENT: no such file or directory, open '/home/kavia/workspace/code-generation/calendatasker-120458-120468/calendar_frontend/node_modules/@clerk/clerk-react/dist/esm/components/withUser.js.map'

Failed to parse source map from '/home/kavia/workspace/code-generation/calendatasker-120458-120468/calendar_frontend/node_modules/@clerk/clerk-react/dist/esm/contexts/index.js.map' file: Error: ENOENT: no such file or directory, open '/home/kavia/workspace/code-generation/calendatasker-120458-120468/calendar_frontend/node_modules/@clerk/clerk-react/dist/esm/contexts/index.js.map'

Failed to parse source map from '/home/kavia/workspace/code-generation/calendatasker-120458-120468/calendar_frontend/node_modules/@clerk/clerk-react/dist/esm/errors.js.map' file: Error: ENOENT: no such file or directory, open '/home/kavia/workspace/code-generation/calendatasker-120458-120468/calendar_frontend/node_modules/@clerk/clerk-react/dist/esm/errors.js.map'

Failed to parse source map from '/home/kavia/workspace/code-generation/calendatasker-120458-120468/calendar_frontend/node_modules/@clerk/clerk-react/dist/esm/hooks/index.js.map' file: Error: ENOENT: no such file or directory, open '/home/kavia/workspace/code-generation/calendatasker-120458-120468/calendar_frontend/node_modules/@clerk/clerk-react/dist/esm/hooks/index.js.map'

Failed to parse source map from '/home/kavia/workspace/code-generation/calendatasker-120458-120468/calendar_frontend/node_modules/@clerk/clerk-react/dist/esm/hooks/useAuth.js.map' file: Error: ENOENT: no such file or directory, open '/home/kavia/workspace/code-generation/calendatasker-120458-120468/calendar_frontend/node_modules/@clerk/clerk-react/dist/esm/hooks/useAuth.js.map'

Failed to parse source map from '/home/kavia/workspace/code-generation/calendatasker-120458-120468/calendar_frontend/node_modules/@clerk/clerk-react/dist/esm/hooks/useClerk.js.map' file: Error: ENOENT: no such file or directory, open '/home/kavia/workspace/code-generation/calendatasker-120458-120468/calendar_frontend/node_modules/@clerk/clerk-react/dist/esm/hooks/useClerk.js.map'

Failed to parse source map from '/home/kavia/workspace/code-generation/calendatasker-120458-120468/calendar_frontend/node_modules/@clerk/clerk-react/dist/esm/hooks/useEmailLink.js.map' file: Error: ENOENT: no such file or directory, open '/home/kavia/workspace/code-generation/calendatasker-120458-120468/calendar_frontend/node_modules/@clerk/clerk-react/dist/esm/hooks/useEmailLink.js.map'

Failed to parse source map from '/home/kavia/workspace/code-generation/calendatasker-120458-120468/calendar_frontend/node_modules/@clerk/clerk-react/dist/esm/hooks/useMagicLink.js.map' file: Error: ENOENT: no such file or directory, open '/home/kavia/workspace/code-generation/calendatasker-120458-120468/calendar_frontend/node_modules/@clerk/clerk-react/dist/esm/hooks/useMagicLink.js.map'

Failed to parse source map from '/home/kavia/workspace/code-generation/calendatasker-120458-120468/calendar_frontend/node_modules/@clerk/clerk-react/dist/esm/hooks/useOrganization.js.map' file: Error: ENOENT: no such file or directory, open '/home/kavia/workspace/code-generation/calendatasker-120458-120468/calendar_frontend/node_modules/@clerk/clerk-react/dist/esm/hooks/useOrganization.js.map'

Failed to parse source map from '/home/kavia/workspace/code-generation/calendatasker-120458-120468/calendar_frontend/node_modules/@clerk/clerk-react/dist/esm/hooks/useOrganizationList.js.map' file: Error: ENOENT: no such file or directory, open '/home/kavia/workspace/code-generation/calendatasker-120458-120468/calendar_frontend/node_modules/@clerk/clerk-react/dist/esm/hooks/useOrganizationList.js.map'

Failed to parse source map from '/home/kavia/workspace/code-generation/calendatasker-120458-120468/calendar_frontend/node_modules/@clerk/clerk-react/dist/esm/hooks/useOrganizations.js.map' file: Error: ENOENT: no such file or directory, open '/home/kavia/workspace/code-generation/calendatasker-120458-120468/calendar_frontend/node_modules/@clerk/clerk-react/dist/esm/hooks/useOrganizations.js.map'

Failed to parse source map from '/home/kavia/workspace/code-generation/calendatasker-120458-120468/calendar_frontend/node_modules/@clerk/clerk-react/dist/esm/hooks/useSession.js.map' file: Error: ENOENT: no such file or directory, open '/home/kavia/workspace/code-generation/calendatasker-120458-120468/calendar_frontend/node_modules/@clerk/clerk-react/dist/esm/hooks/useSession.js.map'

Failed to parse source map from '/home/kavia/workspace/code-generation/calendatasker-120458-120468/calendar_frontend/node_modules/@clerk/clerk-react/dist/esm/hooks/useSessionList.js.map' file: Error: ENOENT: no such file or directory, open '/home/kavia/workspace/code-generation/calendatasker-120458-120468/calendar_frontend/node_modules/@clerk/clerk-react/dist/esm/hooks/useSessionList.js.map'

Failed to parse source map from '/home/kavia/workspace/code-generation/calendatasker-120458-120468/calendar_frontend/node_modules/@clerk/clerk-react/dist/esm/hooks/useSignIn.js.map' file: Error: ENOENT: no such file or directory, open '/home/kavia/workspace/code-generation/calendatasker-120458-120468/calendar_frontend/node_modules/@clerk/clerk-react/dist/esm/hooks/useSignIn.js.map'

Failed to parse source map from '/home/kavia/workspace/code-generation/calendatasker-120458-120468/calendar_frontend/node_modules/@clerk/clerk-react/dist/esm/hooks/useSignUp.js.map' file: Error: ENOENT: no such file or directory, open '/home/kavia/workspace/code-generation/calendatasker-120458-120468/calendar_frontend/node_modules/@clerk/clerk-react/dist/esm/hooks/useSignUp.js.map'

Failed to parse source map from '/home/kavia/workspace/code-generation/calendatasker-120458-120468/calendar_frontend/node_modules/@clerk/clerk-react/dist/esm/hooks/useUser.js.map' file: Error: ENOENT: no such file or directory, open '/home/kavia/workspace/code-generation/calendatasker-120458-120468/calendar_frontend/node_modules/@clerk/clerk-react/dist/esm/hooks/useUser.js.map'

Failed to parse source map from '/home/kavia/workspace/code-generation/calendatasker-120458-120468/calendar_frontend/node_modules/@clerk/clerk-react/dist/esm/index.js.map' file: Error: ENOENT: no such file or directory, open '/home/kavia/workspace/code-generation/calendatasker-120458-120468/calendar_frontend/node_modules/@clerk/clerk-react/dist/esm/index.js.map'

Failed to parse source map from '/home/kavia/workspace/code-generation/calendatasker-120458-120468/calendar_frontend/node_modules/@clerk/clerk-react/dist/esm/polyfills.js.map' file: Error: ENOENT: no such file or directory, open '/home/kavia/workspace/code-generation/calendatasker-120458-120468/calendar_frontend/node_modules/@clerk/clerk-react/dist/esm/polyfills.js.map'

[eslint] 
src/components/AuthProvider.jsx
  Line 2:25:  'useAuth' is defined but never used  no-unused-vars

src/components/AuthUI.jsx
  Line 2:18:  'SignUp' is defined but never used  no-unused-vars

Search for the keywords to learn more about each warning.
To ignore, add // eslint-disable-next-line to the line before.

WARNING in ./node_modules/@clerk/clerk-react/dist/esm/components/SignInButton.js
Module Warning (from ./node_modules/source-map-loader/dist/cjs.js):
Failed to parse source map from '/home/kavia/workspace/code-generation/calendatasker-120458-120468/calendar_frontend/node_modules/@clerk/clerk-react/dist/esm/components/SignInButton.js.map' file: Error: ENOENT: no such file or directory, open '/home/kavia/workspace/code-generation/calendatasker-120458-120468/calendar_frontend/node_modules/@clerk/clerk-react/dist/esm/components/SignInButton.js.map'

WARNING in ./node_modules/@clerk/clerk-react/dist/esm/components/SignInWithMetamaskButton.js
Module Warning (from ./node_modules/source-map-loader/dist/cjs.js):
Failed to parse source map from '/home/kavia/workspace/code-generation/calendatasker-120458-120468/calendar_frontend/node_modules/@clerk/clerk-react/dist/esm/components/SignInWithMetamaskButton.js.map' file: Error: ENOENT: no such file or directory, open '/home/kavia/workspace/code-generation/calendatasker-120458-120468/calendar_frontend/node_modules/@clerk/clerk-react/dist/esm/components/SignInWithMetamaskButton.js.map'

WARNING in ./node_modules/@clerk/clerk-react/dist/esm/components/SignOutButton.js
Module Warning (from ./node_modules/source-map-loader/dist/cjs.js):
Failed to parse source map from '/home/kavia/workspace/code-generation/calendatasker-120458-120468/calendar_frontend/node_modules/@clerk/clerk-react/dist/esm/components/SignOutButton.js.map' file: Error: ENOENT: no such file or directory, open '/home/kavia/workspace/code-generation/calendatasker-120458-120468/calendar_frontend/node_modules/@clerk/clerk-react/dist/esm/components/SignOutButton.js.map'

WARNING in ./node_modules/@clerk/clerk-react/dist/esm/components/SignUpButton.js
Module Warning (from ./node_modules/source-map-loader/dist/cjs.js):
Failed to parse source map from '/home/kavia/workspace/code-generation/calendatasker-120458-120468/calendar_frontend/node_modules/@clerk/clerk-react/dist/esm/components/SignUpButton.js.map' file: Error: ENOENT: no such file or directory, open '/home/kavia/workspace/code-generation/calendatasker-120458-120468/calendar_frontend/node_modules/@clerk/clerk-react/dist/esm/components/SignUpButton.js.map'

WARNING in ./node_modules/@clerk/clerk-react/dist/esm/components/index.js
Module Warning (from ./node_modules/source-map-loader/dist/cjs.js):
Failed to parse source map from '/home/kavia/workspace/code-generation/calendatasker-120458-120468/calendar_frontend/node_modules/@clerk/clerk-react/dist/esm/components/index.js.map' file: Error: ENOENT: no such file or directory, open '/home/kavia/workspace/code-generation/calendatasker-120458-120468/calendar_frontend/node_modules/@clerk/clerk-react/dist/esm/components/index.js.map'

WARNING in ./node_modules/@clerk/clerk-react/dist/esm/components/uiComponents.js
Module Warning (from ./node_modules/source-map-loader/dist/cjs.js):
Failed to parse source map from '/home/kavia/workspace/code-generation/calendatasker-120458-120468/calendar_frontend/node_modules/@clerk/clerk-react/dist/esm/components/uiComponents.js.map' file: Error: ENOENT: no such file or directory, open '/home/kavia/workspace/code-generation/calendatasker-120458-120468/calendar_frontend/node_modules/@clerk/clerk-react/dist/esm/components/uiComponents.js.map'

WARNING in ./node_modules/@clerk/clerk-react/dist/esm/components/withClerk.js
Module Warning (from ./node_modules/source-map-loader/dist/cjs.js):
Failed to parse source map from '/home/kavia/workspace/code-generation/calendatasker-120458-120468/calendar_frontend/node_modules/@clerk/clerk-react/dist/esm/components/withClerk.js.map' file: Error: ENOENT: no such file or directory, open '/home/kavia/workspace/code-generation/calendatasker-120458-120468/calendar_frontend/node_modules/@clerk/clerk-react/dist/esm/components/withClerk.js.map'

WARNING in ./node_modules/@clerk/clerk-react/dist/esm/components/withSession.js
Module Warning (from ./node_modules/source-map-loader/dist/cjs.js):
Failed to parse source map from '/home/kavia/workspace/code-generation/calendatasker-120458-120468/calendar_frontend/node_modules/@clerk/clerk-react/dist/esm/components/withSession.js.map' file: Error: ENOENT: no such file or directory, open '/home/kavia/workspace/code-generation/calendatasker-120458-120468/calendar_frontend/node_modules/@clerk/clerk-react/dist/esm/components/withSession.js.map'

WARNING in ./node_modules/@clerk/clerk-react/dist/esm/components/withUser.js
Module Warning (from ./node_modules/source-map-loader/dist/cjs.js):
Failed to parse source map from '/home/kavia/workspace/code-generation/calendatasker-120458-120468/calendar_frontend/node_modules/@clerk/clerk-react/dist/esm/components/withUser.js.map' file: Error: ENOENT: no such file or directory, open '/home/kavia/workspace/code-generation/calendatasker-120458-120468/calendar_frontend/node_modules/@clerk/clerk-react/dist/esm/components/withUser.js.map'

WARNING in ./node_modules/@clerk/clerk-react/dist/esm/contexts/index.js
Module Warning (from ./node_modules/source-map-loader/dist/cjs.js):
Failed to parse source map from '/home/kavia/workspace/code-generation/calendatasker-120458-120468/calendar_frontend/node_modules/@clerk/clerk-react/dist/esm/contexts/index.js.map' file: Error: ENOENT: no such file or directory, open '/home/kavia/workspace/code-generation/calendatasker-120458-120468/calendar_frontend/node_modules/@clerk/clerk-react/dist/esm/contexts/index.js.map'

WARNING in ./node_modules/@clerk/clerk-react/dist/esm/errors.js
Module Warning (from ./node_modules/source-map-loader/dist/cjs.js):
Failed to parse source map from '/home/kavia/workspace/code-generation/calendatasker-120458-120468/calendar_frontend/node_modules/@clerk/clerk-react/dist/esm/errors.js.map' file: Error: ENOENT: no such file or directory, open '/home/kavia/workspace/code-generation/calendatasker-120458-120468/calendar_frontend/node_modules/@clerk/clerk-react/dist/esm/errors.js.map'

WARNING in ./node_modules/@clerk/clerk-react/dist/esm/hooks/index.js
Module Warning (from ./node_modules/source-map-loader/dist/cjs.js):
Failed to parse source map from '/home/kavia/workspace/code-generation/calendatasker-120458-120468/calendar_frontend/node_modules/@clerk/clerk-react/dist/esm/hooks/index.js.map' file: Error: ENOENT: no such file or directory, open '/home/kavia/workspace/code-generation/calendatasker-120458-120468/calendar_frontend/node_modules/@clerk/clerk-react/dist/esm/hooks/index.js.map'

WARNING in ./node_modules/@clerk/clerk-react/dist/esm/hooks/useAuth.js
Module Warning (from ./node_modules/source-map-loader/dist/cjs.js):
Failed to parse source map from '/home/kavia/workspace/code-generation/calendatasker-120458-120468/calendar_frontend/node_modules/@clerk/clerk-react/dist/esm/hooks/useAuth.js.map' file: Error: ENOENT: no such file or directory, open '/home/kavia/workspace/code-generation/calendatasker-120458-120468/calendar_frontend/node_modules/@clerk/clerk-react/dist/esm/hooks/useAuth.js.map'

WARNING in ./node_modules/@clerk/clerk-react/dist/esm/hooks/useClerk.js
Module Warning (from ./node_modules/source-map-loader/dist/cjs.js):
Failed to parse source map from '/home/kavia/workspace/code-generation/calendatasker-120458-120468/calendar_frontend/node_modules/@clerk/clerk-react/dist/esm/hooks/useClerk.js.map' file: Error: ENOENT: no such file or directory, open '/home/kavia/workspace/code-generation/calendatasker-120458-120468/calendar_frontend/node_modules/@clerk/clerk-react/dist/esm/hooks/useClerk.js.map'

WARNING in ./node_modules/@clerk/clerk-react/dist/esm/hooks/useEmailLink.js
Module Warning (from ./node_modules/source-map-loader/dist/cjs.js):
Failed to parse source map from '/home/kavia/workspace/code-generation/calendatasker-120458-120468/calendar_frontend/node_modules/@clerk/clerk-react/dist/esm/hooks/useEmailLink.js.map' file: Error: ENOENT: no such file or directory, open '/home/kavia/workspace/code-generation/calendatasker-120458-120468/calendar_frontend/node_modules/@clerk/clerk-react/dist/esm/hooks/useEmailLink.js.map'

WARNING in ./node_modules/@clerk/clerk-react/dist/esm/hooks/useMagicLink.js
Module Warning (from ./node_modules/source-map-loader/dist/cjs.js):
Failed to parse source map from '/home/kavia/workspace/code-generation/calendatasker-120458-120468/calendar_frontend/node_modules/@clerk/clerk-react/dist/esm/hooks/useMagicLink.js.map' file: Error: ENOENT: no such file or directory, open '/home/kavia/workspace/code-generation/calendatasker-120458-120468/calendar_frontend/node_modules/@clerk/clerk-react/dist/esm/hooks/useMagicLink.js.map'

WARNING in ./node_modules/@clerk/clerk-react/dist/esm/hooks/useOrganization.js
Module Warning (from ./node_modules/source-map-loader/dist/cjs.js):
Failed to parse source map from '/home/kavia/workspace/code-generation/calendatasker-120458-120468/calendar_frontend/node_modules/@clerk/clerk-react/dist/esm/hooks/useOrganization.js.map' file: Error: ENOENT: no such file or directory, open '/home/kavia/workspace/code-generation/calendatasker-120458-120468/calendar_frontend/node_modules/@clerk/clerk-react/dist/esm/hooks/useOrganization.js.map'

WARNING in ./node_modules/@clerk/clerk-react/dist/esm/hooks/useOrganizationList.js
Module Warning (from ./node_modules/source-map-loader/dist/cjs.js):
Failed to parse source map from '/home/kavia/workspace/code-generation/calendatasker-120458-120468/calendar_frontend/node_modules/@clerk/clerk-react/dist/esm/hooks/useOrganizationList.js.map' file: Error: ENOENT: no such file or directory, open '/home/kavia/workspace/code-generation/calendatasker-120458-120468/calendar_frontend/node_modules/@clerk/clerk-react/dist/esm/hooks/useOrganizationList.js.map'

WARNING in ./node_modules/@clerk/clerk-react/dist/esm/hooks/useOrganizations.js
Module Warning (from ./node_modules/source-map-loader/dist/cjs.js):
Failed to parse source map from '/home/kavia/workspace/code-generation/calendatasker-120458-120468/calendar_frontend/node_modules/@clerk/clerk-react/dist/esm/hooks/useOrganizations.js.map' file: Error: ENOENT: no such file or directory, open '/home/kavia/workspace/code-generation/calendatasker-120458-120468/calendar_frontend/node_modules/@clerk/clerk-react/dist/esm/hooks/useOrganizations.js.map'

WARNING in ./node_modules/@clerk/clerk-react/dist/esm/hooks/useSession.js
Module Warning (from ./node_modules/source-map-loader/dist/cjs.js):
Failed to parse source map from '/home/kavia/workspace/code-generation/calendatasker-120458-120468/calendar_frontend/node_modules/@clerk/clerk-react/dist/esm/hooks/useSession.js.map' file: Error: ENOENT: no such file or directory, open '/home/kavia/workspace/code-generation/calendatasker-120458-120468/calendar_frontend/node_modules/@clerk/clerk-react/dist/esm/hooks/useSession.js.map'

WARNING in ./node_modules/@clerk/clerk-react/dist/esm/hooks/useSessionList.js
Module Warning (from ./node_modules/source-map-loader/dist/cjs.js):
Failed to parse source map from '/home/kavia/workspace/code-generation/calendatasker-120458-120468/calendar_frontend/node_modules/@clerk/clerk-react/dist/esm/hooks/useSessionList.js.map' file: Error: ENOENT: no such file or directory, open '/home/kavia/workspace/code-generation/calendatasker-120458-120468/calendar_frontend/node_modules/@clerk/clerk-react/dist/esm/hooks/useSessionList.js.map'

WARNING in ./node_modules/@clerk/clerk-react/dist/esm/hooks/useSignIn.js
Module Warning (from ./node_modules/source-map-loader/dist/cjs.js):
Failed to parse source map from '/home/kavia/workspace/code-generation/calendatasker-120458-120468/calendar_frontend/node_modules/@clerk/clerk-react/dist/esm/hooks/useSignIn.js.map' file: Error: ENOENT: no such file or directory, open '/home/kavia/workspace/code-generation/calendatasker-120458-120468/calendar_frontend/node_modules/@clerk/clerk-react/dist/esm/hooks/useSignIn.js.map'

WARNING in ./node_modules/@clerk/clerk-react/dist/esm/hooks/useSignUp.js
Module Warning (from ./node_modules/source-map-loader/dist/cjs.js):
Failed to parse source map from '/home/kavia/workspace/code-generation/calendatasker-120458-120468/calendar_frontend/node_modules/@clerk/clerk-react/dist/esm/hooks/useSignUp.js.map' file: Error: ENOENT: no such file or directory, open '/home/kavia/workspace/code-generation/calendatasker-120458-120468/calendar_frontend/node_modules/@clerk/clerk-react/dist/esm/hooks/useSignUp.js.map'

WARNING in ./node_modules/@clerk/clerk-react/dist/esm/hooks/useUser.js
Module Warning (from ./node_modules/source-map-loader/dist/cjs.js):
Failed to parse source map from '/home/kavia/workspace/code-generation/calendatasker-120458-120468/calendar_frontend/node_modules/@clerk/clerk-react/dist/esm/hooks/useUser.js.map' file: Error: ENOENT: no such file or directory, open '/home/kavia/workspace/code-generation/calendatasker-120458-120468/calendar_frontend/node_modules/@clerk/clerk-react/dist/esm/hooks/useUser.js.map'

WARNING in ./node_modules/@clerk/clerk-react/dist/esm/index.js
Module Warning (from ./node_modules/source-map-loader/dist/cjs.js):
Failed to parse source map from '/home/kavia/workspace/code-generation/calendatasker-120458-120468/calendar_frontend/node_modules/@clerk/clerk-react/dist/esm/index.js.map' file: Error: ENOENT: no such file or directory, open '/home/kavia/workspace/code-generation/calendatasker-120458-120468/calendar_frontend/node_modules/@clerk/clerk-react/dist/esm/index.js.map'

WARNING in ./node_modules/@clerk/clerk-react/dist/esm/polyfills.js
Module Warning (from ./node_modules/source-map-loader/dist/cjs.js):
Failed to parse source map from '/home/kavia/workspace/code-generation/calendatasker-120458-120468/calendar_frontend/node_modules/@clerk/clerk-react/dist/esm/polyfills.js.map' file: Error: ENOENT: no such file or directory, open '/home/kavia/workspace/code-generation/calendatasker-120458-120468/calendar_frontend/node_modules/@clerk/clerk-react/dist/esm/polyfills.js.map'

WARNING in [eslint] 
src/components/AuthProvider.jsx
  Line 2:25:  'useAuth' is defined but never used  no-unused-vars

src/components/AuthUI.jsx
  Line 2:18:  'SignUp' is defined but never used  no-unused-vars

webpack compiled with 27 warnings
Compiling...
Compiled with warnings.

Failed to parse source map from '/home/kavia/workspace/code-generation/calendatasker-120458-120468/calendar_frontend/node_modules/@clerk/clerk-react/dist/esm/components/SignInButton.js.map' file: Error: ENOENT: no such file or directory, open '/home/kavia/workspace/code-generation/calendatasker-120458-120468/calendar_frontend/node_modules/@clerk/clerk-react/dist/esm/components/SignInButton.js.map'

Failed to parse source map from '/home/kavia/workspace/code-generation/calendatasker-120458-120468/calendar_frontend/node_modules/@clerk/clerk-react/dist/esm/components/SignInWithMetamaskButton.js.map' file: Error: ENOENT: no such file or directory, open '/home/kavia/workspace/code-generation/calendatasker-120458-120468/calendar_frontend/node_modules/@clerk/clerk-react/dist/esm/components/SignInWithMetamaskButton.js.map'

Failed to parse source map from '/home/kavia/workspace/code-generation/calendatasker-120458-120468/calendar_frontend/node_modules/@clerk/clerk-react/dist/esm/components/SignOutButton.js.map' file: Error: ENOENT: no such file or directory, open '/home/kavia/workspace/code-generation/calendatasker-120458-120468/calendar_frontend/node_modules/@clerk/clerk-react/dist/esm/components/SignOutButton.js.map'

Failed to parse source map from '/home/kavia/workspace/code-generation/calendatasker-120458-120468/calendar_frontend/node_modules/@clerk/clerk-react/dist/esm/components/SignUpButton.js.map' file: Error: ENOENT: no such file or directory, open '/home/kavia/workspace/code-generation/calendatasker-120458-120468/calendar_frontend/node_modules/@clerk/clerk-react/dist/esm/components/SignUpButton.js.map'

Failed to parse source map from '/home/kavia/workspace/code-generation/calendatasker-120458-120468/calendar_frontend/node_modules/@clerk/clerk-react/dist/esm/components/index.js.map' file: Error: ENOENT: no such file or directory, open '/home/kavia/workspace/code-generation/calendatasker-120458-120468/calendar_frontend/node_modules/@clerk/clerk-react/dist/esm/components/index.js.map'

Failed to parse source map from '/home/kavia/workspace/code-generation/calendatasker-120458-120468/calendar_frontend/node_modules/@clerk/clerk-react/dist/esm/components/uiComponents.js.map' file: Error: ENOENT: no such file or directory, open '/home/kavia/workspace/code-generation/calendatasker-120458-120468/calendar_frontend/node_modules/@clerk/clerk-react/dist/esm/components/uiComponents.js.map'

Failed to parse source map from '/home/kavia/workspace/code-generation/calendatasker-120458-120468/calendar_frontend/node_modules/@clerk/clerk-react/dist/esm/components/withClerk.js.map' file: Error: ENOENT: no such file or directory, open '/home/kavia/workspace/code-generation/calendatasker-120458-120468/calendar_frontend/node_modules/@clerk/clerk-react/dist/esm/components/withClerk.js.map'

Failed to parse source map from '/home/kavia/workspace/code-generation/calendatasker-120458-120468/calendar_frontend/node_modules/@clerk/clerk-react/dist/esm/components/withSession.js.map' file: Error: ENOENT: no such file or directory, open '/home/kavia/workspace/code-generation/calendatasker-120458-120468/calendar_frontend/node_modules/@clerk/clerk-react/dist/esm/components/withSession.js.map'

Failed to parse source map from '/home/kavia/workspace/code-generation/calendatasker-120458-120468/calendar_frontend/node_modules/@clerk/clerk-react/dist/esm/components/withUser.js.map' file: Error: ENOENT: no such file or directory, open '/home/kavia/workspace/code-generation/calendatasker-120458-120468/calendar_frontend/node_modules/@clerk/clerk-react/dist/esm/components/withUser.js.map'

Failed to parse source map from '/home/kavia/workspace/code-generation/calendatasker-120458-120468/calendar_frontend/node_modules/@clerk/clerk-react/dist/esm/contexts/index.js.map' file: Error: ENOENT: no such file or directory, open '/home/kavia/workspace/code-generation/calendatasker-120458-120468/calendar_frontend/node_modules/@clerk/clerk-react/dist/esm/contexts/index.js.map'

Failed to parse source map from '/home/kavia/workspace/code-generation/calendatasker-120458-120468/calendar_frontend/node_modules/@clerk/clerk-react/dist/esm/errors.js.map' file: Error: ENOENT: no such file or directory, open '/home/kavia/workspace/code-generation/calendatasker-120458-120468/calendar_frontend/node_modules/@clerk/clerk-react/dist/esm/errors.js.map'

Failed to parse source map from '/home/kavia/workspace/code-generation/calendatasker-120458-120468/calendar_frontend/node_modules/@clerk/clerk-react/dist/esm/hooks/index.js.map' file: Error: ENOENT: no such file or directory, open '/home/kavia/workspace/code-generation/calendatasker-120458-120468/calendar_frontend/node_modules/@clerk/clerk-react/dist/esm/hooks/index.js.map'

Failed to parse source map from '/home/kavia/workspace/code-generation/calendatasker-120458-120468/calendar_frontend/node_modules/@clerk/clerk-react/dist/esm/hooks/useAuth.js.map' file: Error: ENOENT: no such file or directory, open '/home/kavia/workspace/code-generation/calendatasker-120458-120468/calendar_frontend/node_modules/@clerk/clerk-react/dist/esm/hooks/useAuth.js.map'

Failed to parse source map from '/home/kavia/workspace/code-generation/calendatasker-120458-120468/calendar_frontend/node_modules/@clerk/clerk-react/dist/esm/hooks/useClerk.js.map' file: Error: ENOENT: no such file or directory, open '/home/kavia/workspace/code-generation/calendatasker-120458-120468/calendar_frontend/node_modules/@clerk/clerk-react/dist/esm/hooks/useClerk.js.map'

Failed to parse source map from '/home/kavia/workspace/code-generation/calendatasker-120458-120468/calendar_frontend/node_modules/@clerk/clerk-react/dist/esm/hooks/useEmailLink.js.map' file: Error: ENOENT: no such file or directory, open '/home/kavia/workspace/code-generation/calendatasker-120458-120468/calendar_frontend/node_modules/@clerk/clerk-react/dist/esm/hooks/useEmailLink.js.map'

Failed to parse source map from '/home/kavia/workspace/code-generation/calendatasker-120458-120468/calendar_frontend/node_modules/@clerk/clerk-react/dist/esm/hooks/useMagicLink.js.map' file: Error: ENOENT: no such file or directory, open '/home/kavia/workspace/code-generation/calendatasker-120458-120468/calendar_frontend/node_modules/@clerk/clerk-react/dist/esm/hooks/useMagicLink.js.map'

Failed to parse source map from '/home/kavia/workspace/code-generation/calendatasker-120458-120468/calendar_frontend/node_modules/@clerk/clerk-react/dist/esm/hooks/useOrganization.js.map' file: Error: ENOENT: no such file or directory, open '/home/kavia/workspace/code-generation/calendatasker-120458-120468/calendar_frontend/node_modules/@clerk/clerk-react/dist/esm/hooks/useOrganization.js.map'

Failed to parse source map from '/home/kavia/workspace/code-generation/calendatasker-120458-120468/calendar_frontend/node_modules/@clerk/clerk-react/dist/esm/hooks/useOrganizationList.js.map' file: Error: ENOENT: no such file or directory, open '/home/kavia/workspace/code-generation/calendatasker-120458-120468/calendar_frontend/node_modules/@clerk/clerk-react/dist/esm/hooks/useOrganizationList.js.map'

Failed to parse source map from '/home/kavia/workspace/code-generation/calendatasker-120458-120468/calendar_frontend/node_modules/@clerk/clerk-react/dist/esm/hooks/useOrganizations.js.map' file: Error: ENOENT: no such file or directory, open '/home/kavia/workspace/code-generation/calendatasker-120458-120468/calendar_frontend/node_modules/@clerk/clerk-react/dist/esm/hooks/useOrganizations.js.map'

Failed to parse source map from '/home/kavia/workspace/code-generation/calendatasker-120458-120468/calendar_frontend/node_modules/@clerk/clerk-react/dist/esm/hooks/useSession.js.map' file: Error: ENOENT: no such file or directory, open '/home/kavia/workspace/code-generation/calendatasker-120458-120468/calendar_frontend/node_modules/@clerk/clerk-react/dist/esm/hooks/useSession.js.map'

Failed to parse source map from '/home/kavia/workspace/code-generation/calendatasker-120458-120468/calendar_frontend/node_modules/@clerk/clerk-react/dist/esm/hooks/useSessionList.js.map' file: Error: ENOENT: no such file or directory, open '/home/kavia/workspace/code-generation/calendatasker-120458-120468/calendar_frontend/node_modules/@clerk/clerk-react/dist/esm/hooks/useSessionList.js.map'

Failed to parse source map from '/home/kavia/workspace/code-generation/calendatasker-120458-120468/calendar_frontend/node_modules/@clerk/clerk-react/dist/esm/hooks/useSignIn.js.map' file: Error: ENOENT: no such file or directory, open '/home/kavia/workspace/code-generation/calendatasker-120458-120468/calendar_frontend/node_modules/@clerk/clerk-react/dist/esm/hooks/useSignIn.js.map'

Failed to parse source map from '/home/kavia/workspace/code-generation/calendatasker-120458-120468/calendar_frontend/node_modules/@clerk/clerk-react/dist/esm/hooks/useSignUp.js.map' file: Error: ENOENT: no such file or directory, open '/home/kavia/workspace/code-generation/calendatasker-120458-120468/calendar_frontend/node_modules/@clerk/clerk-react/dist/esm/hooks/useSignUp.js.map'

Failed to parse source map from '/home/kavia/workspace/code-generation/calendatasker-120458-120468/calendar_frontend/node_modules/@clerk/clerk-react/dist/esm/hooks/useUser.js.map' file: Error: ENOENT: no such file or directory, open '/home/kavia/workspace/code-generation/calendatasker-120458-120468/calendar_frontend/node_modules/@clerk/clerk-react/dist/esm/hooks/useUser.js.map'

Failed to parse source map from '/home/kavia/workspace/code-generation/calendatasker-120458-120468/calendar_frontend/node_modules/@clerk/clerk-react/dist/esm/index.js.map' file: Error: ENOENT: no such file or directory, open '/home/kavia/workspace/code-generation/calendatasker-120458-120468/calendar_frontend/node_modules/@clerk/clerk-react/dist/esm/index.js.map'

Failed to parse source map from '/home/kavia/workspace/code-generation/calendatasker-120458-120468/calendar_frontend/node_modules/@clerk/clerk-react/dist/esm/polyfills.js.map' file: Error: ENOENT: no such file or directory, open '/home/kavia/workspace/code-generation/calendatasker-120458-120468/calendar_frontend/node_modules/@clerk/clerk-react/dist/esm/polyfills.js.map'

[eslint] 
src/components/AuthProvider.jsx
  Line 2:25:  'useAuth' is defined but never used  no-unused-vars

src/components/AuthUI.jsx
  Line 2:18:  'SignUp' is defined but never used  no-unused-vars

Search for the keywords to learn more about each warning.
To ignore, add // eslint-disable-next-line to the line before.

WARNING in ./node_modules/@clerk/clerk-react/dist/esm/components/SignInButton.js
Module Warning (from ./node_modules/source-map-loader/dist/cjs.js):
Failed to parse source map from '/home/kavia/workspace/code-generation/calendatasker-120458-120468/calendar_frontend/node_modules/@clerk/clerk-react/dist/esm/components/SignInButton.js.map' file: Error: ENOENT: no such file or directory, open '/home/kavia/workspace/code-generation/calendatasker-120458-120468/calendar_frontend/node_modules/@clerk/clerk-react/dist/esm/components/SignInButton.js.map'

WARNING in ./node_modules/@clerk/clerk-react/dist/esm/components/SignInWithMetamaskButton.js
Module Warning (from ./node_modules/source-map-loader/dist/cjs.js):
Failed to parse source map from '/home/kavia/workspace/code-generation/calendatasker-120458-120468/calendar_frontend/node_modules/@clerk/clerk-react/dist/esm/components/SignInWithMetamaskButton.js.map' file: Error: ENOENT: no such file or directory, open '/home/kavia/workspace/code-generation/calendatasker-120458-120468/calendar_frontend/node_modules/@clerk/clerk-react/dist/esm/components/SignInWithMetamaskButton.js.map'

WARNING in ./node_modules/@clerk/clerk-react/dist/esm/components/SignOutButton.js
Module Warning (from ./node_modules/source-map-loader/dist/cjs.js):
Failed to parse source map from '/home/kavia/workspace/code-generation/calendatasker-120458-120468/calendar_frontend/node_modules/@clerk/clerk-react/dist/esm/components/SignOutButton.js.map' file: Error: ENOENT: no such file or directory, open '/home/kavia/workspace/code-generation/calendatasker-120458-120468/calendar_frontend/node_modules/@clerk/clerk-react/dist/esm/components/SignOutButton.js.map'

WARNING in ./node_modules/@clerk/clerk-react/dist/esm/components/SignUpButton.js
Module Warning (from ./node_modules/source-map-loader/dist/cjs.js):
Failed to parse source map from '/home/kavia/workspace/code-generation/calendatasker-120458-120468/calendar_frontend/node_modules/@clerk/clerk-react/dist/esm/components/SignUpButton.js.map' file: Error: ENOENT: no such file or directory, open '/home/kavia/workspace/code-generation/calendatasker-120458-120468/calendar_frontend/node_modules/@clerk/clerk-react/dist/esm/components/SignUpButton.js.map'

WARNING in ./node_modules/@clerk/clerk-react/dist/esm/components/index.js
Module Warning (from ./node_modules/source-map-loader/dist/cjs.js):
Failed to parse source map from '/home/kavia/workspace/code-generation/calendatasker-120458-120468/calendar_frontend/node_modules/@clerk/clerk-react/dist/esm/components/index.js.map' file: Error: ENOENT: no such file or directory, open '/home/kavia/workspace/code-generation/calendatasker-120458-120468/calendar_frontend/node_modules/@clerk/clerk-react/dist/esm/components/index.js.map'

WARNING in ./node_modules/@clerk/clerk-react/dist/esm/components/uiComponents.js
Module Warning (from ./node_modules/source-map-loader/dist/cjs.js):
Failed to parse source map from '/home/kavia/workspace/code-generation/calendatasker-120458-120468/calendar_frontend/node_modules/@clerk/clerk-react/dist/esm/components/uiComponents.js.map' file: Error: ENOENT: no such file or directory, open '/home/kavia/workspace/code-generation/calendatasker-120458-120468/calendar_frontend/node_modules/@clerk/clerk-react/dist/esm/components/uiComponents.js.map'

WARNING in ./node_modules/@clerk/clerk-react/dist/esm/components/withClerk.js
Module Warning (from ./node_modules/source-map-loader/dist/cjs.js):
Failed to parse source map from '/home/kavia/workspace/code-generation/calendatasker-120458-120468/calendar_frontend/node_modules/@clerk/clerk-react/dist/esm/components/withClerk.js.map' file: Error: ENOENT: no such file or directory, open '/home/kavia/workspace/code-generation/calendatasker-120458-120468/calendar_frontend/node_modules/@clerk/clerk-react/dist/esm/components/withClerk.js.map'

WARNING in ./node_modules/@clerk/clerk-react/dist/esm/components/withSession.js
Module Warning (from ./node_modules/source-map-loader/dist/cjs.js):
Failed to parse source map from '/home/kavia/workspace/code-generation/calendatasker-120458-120468/calendar_frontend/node_modules/@clerk/clerk-react/dist/esm/components/withSession.js.map' file: Error: ENOENT: no such file or directory, open '/home/kavia/workspace/code-generation/calendatasker-120458-120468/calendar_frontend/node_modules/@clerk/clerk-react/dist/esm/components/withSession.js.map'

WARNING in ./node_modules/@clerk/clerk-react/dist/esm/components/withUser.js
Module Warning (from ./node_modules/source-map-loader/dist/cjs.js):
Failed to parse source map from '/home/kavia/workspace/code-generation/calendatasker-120458-120468/calendar_frontend/node_modules/@clerk/clerk-react/dist/esm/components/withUser.js.map' file: Error: ENOENT: no such file or directory, open '/home/kavia/workspace/code-generation/calendatasker-120458-120468/calendar_frontend/node_modules/@clerk/clerk-react/dist/esm/components/withUser.js.map'

WARNING in ./node_modules/@clerk/clerk-react/dist/esm/contexts/index.js
Module Warning (from ./node_modules/source-map-loader/dist/cjs.js):
Failed to parse source map from '/home/kavia/workspace/code-generation/calendatasker-120458-120468/calendar_frontend/node_modules/@clerk/clerk-react/dist/esm/contexts/index.js.map' file: Error: ENOENT: no such file or directory, open '/home/kavia/workspace/code-generation/calendatasker-120458-120468/calendar_frontend/node_modules/@clerk/clerk-react/dist/esm/contexts/index.js.map'

WARNING in ./node_modules/@clerk/clerk-react/dist/esm/errors.js
Module Warning (from ./node_modules/source-map-loader/dist/cjs.js):
Failed to parse source map from '/home/kavia/workspace/code-generation/calendatasker-120458-120468/calendar_frontend/node_modules/@clerk/clerk-react/dist/esm/errors.js.map' file: Error: ENOENT: no such file or directory, open '/home/kavia/workspace/code-generation/calendatasker-120458-120468/calendar_frontend/node_modules/@clerk/clerk-react/dist/esm/errors.js.map'

WARNING in ./node_modules/@clerk/clerk-react/dist/esm/hooks/index.js
Module Warning (from ./node_modules/source-map-loader/dist/cjs.js):
Failed to parse source map from '/home/kavia/workspace/code-generation/calendatasker-120458-120468/calendar_frontend/node_modules/@clerk/clerk-react/dist/esm/hooks/index.js.map' file: Error: ENOENT: no such file or directory, open '/home/kavia/workspace/code-generation/calendatasker-120458-120468/calendar_frontend/node_modules/@clerk/clerk-react/dist/esm/hooks/index.js.map'

WARNING in ./node_modules/@clerk/clerk-react/dist/esm/hooks/useAuth.js
Module Warning (from ./node_modules/source-map-loader/dist/cjs.js):
Failed to parse source map from '/home/kavia/workspace/code-generation/calendatasker-120458-120468/calendar_frontend/node_modules/@clerk/clerk-react/dist/esm/hooks/useAuth.js.map' file: Error: ENOENT: no such file or directory, open '/home/kavia/workspace/code-generation/calendatasker-120458-120468/calendar_frontend/node_modules/@clerk/clerk-react/dist/esm/hooks/useAuth.js.map'

WARNING in ./node_modules/@clerk/clerk-react/dist/esm/hooks/useClerk.js
Module Warning (from ./node_modules/source-map-loader/dist/cjs.js):
Failed to parse source map from '/home/kavia/workspace/code-generation/calendatasker-120458-120468/calendar_frontend/node_modules/@clerk/clerk-react/dist/esm/hooks/useClerk.js.map' file: Error: ENOENT: no such file or directory, open '/home/kavia/workspace/code-generation/calendatasker-120458-120468/calendar_frontend/node_modules/@clerk/clerk-react/dist/esm/hooks/useClerk.js.map'

WARNING in ./node_modules/@clerk/clerk-react/dist/esm/hooks/useEmailLink.js
Module Warning (from ./node_modules/source-map-loader/dist/cjs.js):
Failed to parse source map from '/home/kavia/workspace/code-generation/calendatasker-120458-120468/calendar_frontend/node_modules/@clerk/clerk-react/dist/esm/hooks/useEmailLink.js.map' file: Error: ENOENT: no such file or directory, open '/home/kavia/workspace/code-generation/calendatasker-120458-120468/calendar_frontend/node_modules/@clerk/clerk-react/dist/esm/hooks/useEmailLink.js.map'

WARNING in ./node_modules/@clerk/clerk-react/dist/esm/hooks/useMagicLink.js
Module Warning (from ./node_modules/source-map-loader/dist/cjs.js):
Failed to parse source map from '/home/kavia/workspace/code-generation/calendatasker-120458-120468/calendar_frontend/node_modules/@clerk/clerk-react/dist/esm/hooks/useMagicLink.js.map' file: Error: ENOENT: no such file or directory, open '/home/kavia/workspace/code-generation/calendatasker-120458-120468/calendar_frontend/node_modules/@clerk/clerk-react/dist/esm/hooks/useMagicLink.js.map'

WARNING in ./node_modules/@clerk/clerk-react/dist/esm/hooks/useOrganization.js
Module Warning (from ./node_modules/source-map-loader/dist/cjs.js):
Failed to parse source map from '/home/kavia/workspace/code-generation/calendatasker-120458-120468/calendar_frontend/node_modules/@clerk/clerk-react/dist/esm/hooks/useOrganization.js.map' file: Error: ENOENT: no such file or directory, open '/home/kavia/workspace/code-generation/calendatasker-120458-120468/calendar_frontend/node_modules/@clerk/clerk-react/dist/esm/hooks/useOrganization.js.map'

WARNING in ./node_modules/@clerk/clerk-react/dist/esm/hooks/useOrganizationList.js
Module Warning (from ./node_modules/source-map-loader/dist/cjs.js):
Failed to parse source map from '/home/kavia/workspace/code-generation/calendatasker-120458-120468/calendar_frontend/node_modules/@clerk/clerk-react/dist/esm/hooks/useOrganizationList.js.map' file: Error: ENOENT: no such file or directory, open '/home/kavia/workspace/code-generation/calendatasker-120458-120468/calendar_frontend/node_modules/@clerk/clerk-react/dist/esm/hooks/useOrganizationList.js.map'

WARNING in ./node_modules/@clerk/clerk-react/dist/esm/hooks/useOrganizations.js
Module Warning (from ./node_modules/source-map-loader/dist/cjs.js):
Failed to parse source map from '/home/kavia/workspace/code-generation/calendatasker-120458-120468/calendar_frontend/node_modules/@clerk/clerk-react/dist/esm/hooks/useOrganizations.js.map' file: Error: ENOENT: no such file or directory, open '/home/kavia/workspace/code-generation/calendatasker-120458-120468/calendar_frontend/node_modules/@clerk/clerk-react/dist/esm/hooks/useOrganizations.js.map'

WARNING in ./node_modules/@clerk/clerk-react/dist/esm/hooks/useSession.js
Module Warning (from ./node_modules/source-map-loader/dist/cjs.js):
Failed to parse source map from '/home/kavia/workspace/code-generation/calendatasker-120458-120468/calendar_frontend/node_modules/@clerk/clerk-react/dist/esm/hooks/useSession.js.map' file: Error: ENOENT: no such file or directory, open '/home/kavia/workspace/code-generation/calendatasker-120458-120468/calendar_frontend/node_modules/@clerk/clerk-react/dist/esm/hooks/useSession.js.map'

WARNING in ./node_modules/@clerk/clerk-react/dist/esm/hooks/useSessionList.js
Module Warning (from ./node_modules/source-map-loader/dist/cjs.js):
Failed to parse source map from '/home/kavia/workspace/code-generation/calendatasker-120458-120468/calendar_frontend/node_modules/@clerk/clerk-react/dist/esm/hooks/useSessionList.js.map' file: Error: ENOENT: no such file or directory, open '/home/kavia/workspace/code-generation/calendatasker-120458-120468/calendar_frontend/node_modules/@clerk/clerk-react/dist/esm/hooks/useSessionList.js.map'

WARNING in ./node_modules/@clerk/clerk-react/dist/esm/hooks/useSignIn.js
Module Warning (from ./node_modules/source-map-loader/dist/cjs.js):
Failed to parse source map from '/home/kavia/workspace/code-generation/calendatasker-120458-120468/calendar_frontend/node_modules/@clerk/clerk-react/dist/esm/hooks/useSignIn.js.map' file: Error: ENOENT: no such file or directory, open '/home/kavia/workspace/code-generation/calendatasker-120458-120468/calendar_frontend/node_modules/@clerk/clerk-react/dist/esm/hooks/useSignIn.js.map'

WARNING in ./node_modules/@clerk/clerk-react/dist/esm/hooks/useSignUp.js
Module Warning (from ./node_modules/source-map-loader/dist/cjs.js):
Failed to parse source map from '/home/kavia/workspace/code-generation/calendatasker-120458-120468/calendar_frontend/node_modules/@clerk/clerk-react/dist/esm/hooks/useSignUp.js.map' file: Error: ENOENT: no such file or directory, open '/home/kavia/workspace/code-generation/calendatasker-120458-120468/calendar_frontend/node_modules/@clerk/clerk-react/dist/esm/hooks/useSignUp.js.map'

WARNING in ./node_modules/@clerk/clerk-react/dist/esm/hooks/useUser.js
Module Warning (from ./node_modules/source-map-loader/dist/cjs.js):
Failed to parse source map from '/home/kavia/workspace/code-generation/calendatasker-120458-120468/calendar_frontend/node_modules/@clerk/clerk-react/dist/esm/hooks/useUser.js.map' file: Error: ENOENT: no such file or directory, open '/home/kavia/workspace/code-generation/calendatasker-120458-120468/calendar_frontend/node_modules/@clerk/clerk-react/dist/esm/hooks/useUser.js.map'

WARNING in ./node_modules/@clerk/clerk-react/dist/esm/index.js
Module Warning (from ./node_modules/source-map-loader/dist/cjs.js):
Failed to parse source map from '/home/kavia/workspace/code-generation/calendatasker-120458-120468/calendar_frontend/node_modules/@clerk/clerk-react/dist/esm/index.js.map' file: Error: ENOENT: no such file or directory, open '/home/kavia/workspace/code-generation/calendatasker-120458-120468/calendar_frontend/node_modules/@clerk/clerk-react/dist/esm/index.js.map'

WARNING in ./node_modules/@clerk/clerk-react/dist/esm/polyfills.js
Module Warning (from ./node_modules/source-map-loader/dist/cjs.js):
Failed to parse source map from '/home/kavia/workspace/code-generation/calendatasker-120458-120468/calendar_frontend/node_modules/@clerk/clerk-react/dist/esm/polyfills.js.map' file: Error: ENOENT: no such file or directory, open '/home/kavia/workspace/code-generation/calendatasker-120458-120468/calendar_frontend/node_modules/@clerk/clerk-react/dist/esm/polyfills.js.map'

WARNING in [eslint] 
src/components/AuthProvider.jsx
  Line 2:25:  'useAuth' is defined but never used  no-unused-vars

src/components/AuthUI.jsx
  Line 2:18:  'SignUp' is defined but never used  no-unused-vars

webpack compiled with 27 warnings
Compiling...
Compiled with warnings.

Failed to parse source map from '/home/kavia/workspace/code-generation/calendatasker-120458-120468/calendar_frontend/node_modules/@clerk/clerk-react/dist/esm/components/SignInButton.js.map' file: Error: ENOENT: no such file or directory, open '/home/kavia/workspace/code-generation/calendatasker-120458-120468/calendar_frontend/node_modules/@clerk/clerk-react/dist/esm/components/SignInButton.js.map'

Failed to parse source map from '/home/kavia/workspace/code-generation/calendatasker-120458-120468/calendar_frontend/node_modules/@clerk/clerk-react/dist/esm/components/SignInWithMetamaskButton.js.map' file: Error: ENOENT: no such file or directory, open '/home/kavia/workspace/code-generation/calendatasker-120458-120468/calendar_frontend/node_modules/@clerk/clerk-react/dist/esm/components/SignInWithMetamaskButton.js.map'

Failed to parse source map from '/home/kavia/workspace/code-generation/calendatasker-120458-120468/calendar_frontend/node_modules/@clerk/clerk-react/dist/esm/components/SignOutButton.js.map' file: Error: ENOENT: no such file or directory, open '/home/kavia/workspace/code-generation/calendatasker-120458-120468/calendar_frontend/node_modules/@clerk/clerk-react/dist/esm/components/SignOutButton.js.map'

Failed to parse source map from '/home/kavia/workspace/code-generation/calendatasker-120458-120468/calendar_frontend/node_modules/@clerk/clerk-react/dist/esm/components/SignUpButton.js.map' file: Error: ENOENT: no such file or directory, open '/home/kavia/workspace/code-generation/calendatasker-120458-120468/calendar_frontend/node_modules/@clerk/clerk-react/dist/esm/components/SignUpButton.js.map'

Failed to parse source map from '/home/kavia/workspace/code-generation/calendatasker-120458-120468/calendar_frontend/node_modules/@clerk/clerk-react/dist/esm/components/index.js.map' file: Error: ENOENT: no such file or directory, open '/home/kavia/workspace/code-generation/calendatasker-120458-120468/calendar_frontend/node_modules/@clerk/clerk-react/dist/esm/components/index.js.map'

Failed to parse source map from '/home/kavia/workspace/code-generation/calendatasker-120458-120468/calendar_frontend/node_modules/@clerk/clerk-react/dist/esm/components/uiComponents.js.map' file: Error: ENOENT: no such file or directory, open '/home/kavia/workspace/code-generation/calendatasker-120458-120468/calendar_frontend/node_modules/@clerk/clerk-react/dist/esm/components/uiComponents.js.map'

Failed to parse source map from '/home/kavia/workspace/code-generation/calendatasker-120458-120468/calendar_frontend/node_modules/@clerk/clerk-react/dist/esm/components/withClerk.js.map' file: Error: ENOENT: no such file or directory, open '/home/kavia/workspace/code-generation/calendatasker-120458-120468/calendar_frontend/node_modules/@clerk/clerk-react/dist/esm/components/withClerk.js.map'

Failed to parse source map from '/home/kavia/workspace/code-generation/calendatasker-120458-120468/calendar_frontend/node_modules/@clerk/clerk-react/dist/esm/components/withSession.js.map' file: Error: ENOENT: no such file or directory, open '/home/kavia/workspace/code-generation/calendatasker-120458-120468/calendar_frontend/node_modules/@clerk/clerk-react/dist/esm/components/withSession.js.map'

Failed to parse source map from '/home/kavia/workspace/code-generation/calendatasker-120458-120468/calendar_frontend/node_modules/@clerk/clerk-react/dist/esm/components/withUser.js.map' file: Error: ENOENT: no such file or directory, open '/home/kavia/workspace/code-generation/calendatasker-120458-120468/calendar_frontend/node_modules/@clerk/clerk-react/dist/esm/components/withUser.js.map'

Failed to parse source map from '/home/kavia/workspace/code-generation/calendatasker-120458-120468/calendar_frontend/node_modules/@clerk/clerk-react/dist/esm/contexts/index.js.map' file: Error: ENOENT: no such file or directory, open '/home/kavia/workspace/code-generation/calendatasker-120458-120468/calendar_frontend/node_modules/@clerk/clerk-react/dist/esm/contexts/index.js.map'

Failed to parse source map from '/home/kavia/workspace/code-generation/calendatasker-120458-120468/calendar_frontend/node_modules/@clerk/clerk-react/dist/esm/errors.js.map' file: Error: ENOENT: no such file or directory, open '/home/kavia/workspace/code-generation/calendatasker-120458-120468/calendar_frontend/node_modules/@clerk/clerk-react/dist/esm/errors.js.map'

Failed to parse source map from '/home/kavia/workspace/code-generation/calendatasker-120458-120468/calendar_frontend/node_modules/@clerk/clerk-react/dist/esm/hooks/index.js.map' file: Error: ENOENT: no such file or directory, open '/home/kavia/workspace/code-generation/calendatasker-120458-120468/calendar_frontend/node_modules/@clerk/clerk-react/dist/esm/hooks/index.js.map'

Failed to parse source map from '/home/kavia/workspace/code-generation/calendatasker-120458-120468/calendar_frontend/node_modules/@clerk/clerk-react/dist/esm/hooks/useAuth.js.map' file: Error: ENOENT: no such file or directory, open '/home/kavia/workspace/code-generation/calendatasker-120458-120468/calendar_frontend/node_modules/@clerk/clerk-react/dist/esm/hooks/useAuth.js.map'

Failed to parse source map from '/home/kavia/workspace/code-generation/calendatasker-120458-120468/calendar_frontend/node_modules/@clerk/clerk-react/dist/esm/hooks/useClerk.js.map' file: Error: ENOENT: no such file or directory, open '/home/kavia/workspace/code-generation/calendatasker-120458-120468/calendar_frontend/node_modules/@clerk/clerk-react/dist/esm/hooks/useClerk.js.map'

Failed to parse source map from '/home/kavia/workspace/code-generation/calendatasker-120458-120468/calendar_frontend/node_modules/@clerk/clerk-react/dist/esm/hooks/useEmailLink.js.map' file: Error: ENOENT: no such file or directory, open '/home/kavia/workspace/code-generation/calendatasker-120458-120468/calendar_frontend/node_modules/@clerk/clerk-react/dist/esm/hooks/useEmailLink.js.map'

Failed to parse source map from '/home/kavia/workspace/code-generation/calendatasker-120458-120468/calendar_frontend/node_modules/@clerk/clerk-react/dist/esm/hooks/useMagicLink.js.map' file: Error: ENOENT: no such file or directory, open '/home/kavia/workspace/code-generation/calendatasker-120458-120468/calendar_frontend/node_modules/@clerk/clerk-react/dist/esm/hooks/useMagicLink.js.map'

Failed to parse source map from '/home/kavia/workspace/code-generation/calendatasker-120458-120468/calendar_frontend/node_modules/@clerk/clerk-react/dist/esm/hooks/useOrganization.js.map' file: Error: ENOENT: no such file or directory, open '/home/kavia/workspace/code-generation/calendatasker-120458-120468/calendar_frontend/node_modules/@clerk/clerk-react/dist/esm/hooks/useOrganization.js.map'

Failed to parse source map from '/home/kavia/workspace/code-generation/calendatasker-120458-120468/calendar_frontend/node_modules/@clerk/clerk-react/dist/esm/hooks/useOrganizationList.js.map' file: Error: ENOENT: no such file or directory, open '/home/kavia/workspace/code-generation/calendatasker-120458-120468/calendar_frontend/node_modules/@clerk/clerk-react/dist/esm/hooks/useOrganizationList.js.map'

Failed to parse source map from '/home/kavia/workspace/code-generation/calendatasker-120458-120468/calendar_frontend/node_modules/@clerk/clerk-react/dist/esm/hooks/useOrganizations.js.map' file: Error: ENOENT: no such file or directory, open '/home/kavia/workspace/code-generation/calendatasker-120458-120468/calendar_frontend/node_modules/@clerk/clerk-react/dist/esm/hooks/useOrganizations.js.map'

Failed to parse source map from '/home/kavia/workspace/code-generation/calendatasker-120458-120468/calendar_frontend/node_modules/@clerk/clerk-react/dist/esm/hooks/useSession.js.map' file: Error: ENOENT: no such file or directory, open '/home/kavia/workspace/code-generation/calendatasker-120458-120468/calendar_frontend/node_modules/@clerk/clerk-react/dist/esm/hooks/useSession.js.map'

Failed to parse source map from '/home/kavia/workspace/code-generation/calendatasker-120458-120468/calendar_frontend/node_modules/@clerk/clerk-react/dist/esm/hooks/useSessionList.js.map' file: Error: ENOENT: no such file or directory, open '/home/kavia/workspace/code-generation/calendatasker-120458-120468/calendar_frontend/node_modules/@clerk/clerk-react/dist/esm/hooks/useSessionList.js.map'

Failed to parse source map from '/home/kavia/workspace/code-generation/calendatasker-120458-120468/calendar_frontend/node_modules/@clerk/clerk-react/dist/esm/hooks/useSignIn.js.map' file: Error: ENOENT: no such file or directory, open '/home/kavia/workspace/code-generation/calendatasker-120458-120468/calendar_frontend/node_modules/@clerk/clerk-react/dist/esm/hooks/useSignIn.js.map'

Failed to parse source map from '/home/kavia/workspace/code-generation/calendatasker-120458-120468/calendar_frontend/node_modules/@clerk/clerk-react/dist/esm/hooks/useSignUp.js.map' file: Error: ENOENT: no such file or directory, open '/home/kavia/workspace/code-generation/calendatasker-120458-120468/calendar_frontend/node_modules/@clerk/clerk-react/dist/esm/hooks/useSignUp.js.map'

Failed to parse source map from '/home/kavia/workspace/code-generation/calendatasker-120458-120468/calendar_frontend/node_modules/@clerk/clerk-react/dist/esm/hooks/useUser.js.map' file: Error: ENOENT: no such file or directory, open '/home/kavia/workspace/code-generation/calendatasker-120458-120468/calendar_frontend/node_modules/@clerk/clerk-react/dist/esm/hooks/useUser.js.map'

Failed to parse source map from '/home/kavia/workspace/code-generation/calendatasker-120458-120468/calendar_frontend/node_modules/@clerk/clerk-react/dist/esm/index.js.map' file: Error: ENOENT: no such file or directory, open '/home/kavia/workspace/code-generation/calendatasker-120458-120468/calendar_frontend/node_modules/@clerk/clerk-react/dist/esm/index.js.map'

Failed to parse source map from '/home/kavia/workspace/code-generation/calendatasker-120458-120468/calendar_frontend/node_modules/@clerk/clerk-react/dist/esm/polyfills.js.map' file: Error: ENOENT: no such file or directory, open '/home/kavia/workspace/code-generation/calendatasker-120458-120468/calendar_frontend/node_modules/@clerk/clerk-react/dist/esm/polyfills.js.map'

[eslint] 
src/components/AuthProvider.jsx
  Line 2:25:  'useAuth' is defined but never used  no-unused-vars

src/components/AuthUI.jsx
  Line 2:18:  'SignUp' is defined but never used  no-unused-vars

Search for the keywords to learn more about each warning.
To ignore, add // eslint-disable-next-line to the line before.

WARNING in ./node_modules/@clerk/clerk-react/dist/esm/components/SignInButton.js
Module Warning (from ./node_modules/source-map-loader/dist/cjs.js):
Failed to parse source map from '/home/kavia/workspace/code-generation/calendatasker-120458-120468/calendar_frontend/node_modules/@clerk/clerk-react/dist/esm/components/SignInButton.js.map' file: Error: ENOENT: no such file or directory, open '/home/kavia/workspace/code-generation/calendatasker-120458-120468/calendar_frontend/node_modules/@clerk/clerk-react/dist/esm/components/SignInButton.js.map'

WARNING in ./node_modules/@clerk/clerk-react/dist/esm/components/SignInWithMetamaskButton.js
Module Warning (from ./node_modules/source-map-loader/dist/cjs.js):
Failed to parse source map from '/home/kavia/workspace/code-generation/calendatasker-120458-120468/calendar_frontend/node_modules/@clerk/clerk-react/dist/esm/components/SignInWithMetamaskButton.js.map' file: Error: ENOENT: no such file or directory, open '/home/kavia/workspace/code-generation/calendatasker-120458-120468/calendar_frontend/node_modules/@clerk/clerk-react/dist/esm/components/SignInWithMetamaskButton.js.map'

WARNING in ./node_modules/@clerk/clerk-react/dist/esm/components/SignOutButton.js
Module Warning (from ./node_modules/source-map-loader/dist/cjs.js):
Failed to parse source map from '/home/kavia/workspace/code-generation/calendatasker-120458-120468/calendar_frontend/node_modules/@clerk/clerk-react/dist/esm/components/SignOutButton.js.map' file: Error: ENOENT: no such file or directory, open '/home/kavia/workspace/code-generation/calendatasker-120458-120468/calendar_frontend/node_modules/@clerk/clerk-react/dist/esm/components/SignOutButton.js.map'

WARNING in ./node_modules/@clerk/clerk-react/dist/esm/components/SignUpButton.js
Module Warning (from ./node_modules/source-map-loader/dist/cjs.js):
Failed to parse source map from '/home/kavia/workspace/code-generation/calendatasker-120458-120468/calendar_frontend/node_modules/@clerk/clerk-react/dist/esm/components/SignUpButton.js.map' file: Error: ENOENT: no such file or directory, open '/home/kavia/workspace/code-generation/calendatasker-120458-120468/calendar_frontend/node_modules/@clerk/clerk-react/dist/esm/components/SignUpButton.js.map'

WARNING in ./node_modules/@clerk/clerk-react/dist/esm/components/index.js
Module Warning (from ./node_modules/source-map-loader/dist/cjs.js):
Failed to parse source map from '/home/kavia/workspace/code-generation/calendatasker-120458-120468/calendar_frontend/node_modules/@clerk/clerk-react/dist/esm/components/index.js.map' file: Error: ENOENT: no such file or directory, open '/home/kavia/workspace/code-generation/calendatasker-120458-120468/calendar_frontend/node_modules/@clerk/clerk-react/dist/esm/components/index.js.map'

WARNING in ./node_modules/@clerk/clerk-react/dist/esm/components/uiComponents.js
Module Warning (from ./node_modules/source-map-loader/dist/cjs.js):
Failed to parse source map from '/home/kavia/workspace/code-generation/calendatasker-120458-120468/calendar_frontend/node_modules/@clerk/clerk-react/dist/esm/components/uiComponents.js.map' file: Error: ENOENT: no such file or directory, open '/home/kavia/workspace/code-generation/calendatasker-120458-120468/calendar_frontend/node_modules/@clerk/clerk-react/dist/esm/components/uiComponents.js.map'

WARNING in ./node_modules/@clerk/clerk-react/dist/esm/components/withClerk.js
Module Warning (from ./node_modules/source-map-loader/dist/cjs.js):
Failed to parse source map from '/home/kavia/workspace/code-generation/calendatasker-120458-120468/calendar_frontend/node_modules/@clerk/clerk-react/dist/esm/components/withClerk.js.map' file: Error: ENOENT: no such file or directory, open '/home/kavia/workspace/code-generation/calendatasker-120458-120468/calendar_frontend/node_modules/@clerk/clerk-react/dist/esm/components/withClerk.js.map'

WARNING in ./node_modules/@clerk/clerk-react/dist/esm/components/withSession.js
Module Warning (from ./node_modules/source-map-loader/dist/cjs.js):
Failed to parse source map from '/home/kavia/workspace/code-generation/calendatasker-120458-120468/calendar_frontend/node_modules/@clerk/clerk-react/dist/esm/components/withSession.js.map' file: Error: ENOENT: no such file or directory, open '/home/kavia/workspace/code-generation/calendatasker-120458-120468/calendar_frontend/node_modules/@clerk/clerk-react/dist/esm/components/withSession.js.map'

WARNING in ./node_modules/@clerk/clerk-react/dist/esm/components/withUser.js
Module Warning (from ./node_modules/source-map-loader/dist/cjs.js):
Failed to parse source map from '/home/kavia/workspace/code-generation/calendatasker-120458-120468/calendar_frontend/node_modules/@clerk/clerk-react/dist/esm/components/withUser.js.map' file: Error: ENOENT: no such file or directory, open '/home/kavia/workspace/code-generation/calendatasker-120458-120468/calendar_frontend/node_modules/@clerk/clerk-react/dist/esm/components/withUser.js.map'

WARNING in ./node_modules/@clerk/clerk-react/dist/esm/contexts/index.js
Module Warning (from ./node_modules/source-map-loader/dist/cjs.js):
Failed to parse source map from '/home/kavia/workspace/code-generation/calendatasker-120458-120468/calendar_frontend/node_modules/@clerk/clerk-react/dist/esm/contexts/index.js.map' file: Error: ENOENT: no such file or directory, open '/home/kavia/workspace/code-generation/calendatasker-120458-120468/calendar_frontend/node_modules/@clerk/clerk-react/dist/esm/contexts/index.js.map'

WARNING in ./node_modules/@clerk/clerk-react/dist/esm/errors.js
Module Warning (from ./node_modules/source-map-loader/dist/cjs.js):
Failed to parse source map from '/home/kavia/workspace/code-generation/calendatasker-120458-120468/calendar_frontend/node_modules/@clerk/clerk-react/dist/esm/errors.js.map' file: Error: ENOENT: no such file or directory, open '/home/kavia/workspace/code-generation/calendatasker-120458-120468/calendar_frontend/node_modules/@clerk/clerk-react/dist/esm/errors.js.map'

WARNING in ./node_modules/@clerk/clerk-react/dist/esm/hooks/index.js
Module Warning (from ./node_modules/source-map-loader/dist/cjs.js):
Failed to parse source map from '/home/kavia/workspace/code-generation/calendatasker-120458-120468/calendar_frontend/node_modules/@clerk/clerk-react/dist/esm/hooks/index.js.map' file: Error: ENOENT: no such file or directory, open '/home/kavia/workspace/code-generation/calendatasker-120458-120468/calendar_frontend/node_modules/@clerk/clerk-react/dist/esm/hooks/index.js.map'

WARNING in ./node_modules/@clerk/clerk-react/dist/esm/hooks/useAuth.js
Module Warning (from ./node_modules/source-map-loader/dist/cjs.js):
Failed to parse source map from '/home/kavia/workspace/code-generation/calendatasker-120458-120468/calendar_frontend/node_modules/@clerk/clerk-react/dist/esm/hooks/useAuth.js.map' file: Error: ENOENT: no such file or directory, open '/home/kavia/workspace/code-generation/calendatasker-120458-120468/calendar_frontend/node_modules/@clerk/clerk-react/dist/esm/hooks/useAuth.js.map'

WARNING in ./node_modules/@clerk/clerk-react/dist/esm/hooks/useClerk.js
Module Warning (from ./node_modules/source-map-loader/dist/cjs.js):
Failed to parse source map from '/home/kavia/workspace/code-generation/calendatasker-120458-120468/calendar_frontend/node_modules/@clerk/clerk-react/dist/esm/hooks/useClerk.js.map' file: Error: ENOENT: no such file or directory, open '/home/kavia/workspace/code-generation/calendatasker-120458-120468/calendar_frontend/node_modules/@clerk/clerk-react/dist/esm/hooks/useClerk.js.map'

WARNING in ./node_modules/@clerk/clerk-react/dist/esm/hooks/useEmailLink.js
Module Warning (from ./node_modules/source-map-loader/dist/cjs.js):
Failed to parse source map from '/home/kavia/workspace/code-generation/calendatasker-120458-120468/calendar_frontend/node_modules/@clerk/clerk-react/dist/esm/hooks/useEmailLink.js.map' file: Error: ENOENT: no such file or directory, open '/home/kavia/workspace/code-generation/calendatasker-120458-120468/calendar_frontend/node_modules/@clerk/clerk-react/dist/esm/hooks/useEmailLink.js.map'

WARNING in ./node_modules/@clerk/clerk-react/dist/esm/hooks/useMagicLink.js
Module Warning (from ./node_modules/source-map-loader/dist/cjs.js):
Failed to parse source map from '/home/kavia/workspace/code-generation/calendatasker-120458-120468/calendar_frontend/node_modules/@clerk/clerk-react/dist/esm/hooks/useMagicLink.js.map' file: Error: ENOENT: no such file or directory, open '/home/kavia/workspace/code-generation/calendatasker-120458-120468/calendar_frontend/node_modules/@clerk/clerk-react/dist/esm/hooks/useMagicLink.js.map'

WARNING in ./node_modules/@clerk/clerk-react/dist/esm/hooks/useOrganization.js
Module Warning (from ./node_modules/source-map-loader/dist/cjs.js):
Failed to parse source map from '/home/kavia/workspace/code-generation/calendatasker-120458-120468/calendar_frontend/node_modules/@clerk/clerk-react/dist/esm/hooks/useOrganization.js.map' file: Error: ENOENT: no such file or directory, open '/home/kavia/workspace/code-generation/calendatasker-120458-120468/calendar_frontend/node_modules/@clerk/clerk-react/dist/esm/hooks/useOrganization.js.map'

WARNING in ./node_modules/@clerk/clerk-react/dist/esm/hooks/useOrganizationList.js
Module Warning (from ./node_modules/source-map-loader/dist/cjs.js):
Failed to parse source map from '/home/kavia/workspace/code-generation/calendatasker-120458-120468/calendar_frontend/node_modules/@clerk/clerk-react/dist/esm/hooks/useOrganizationList.js.map' file: Error: ENOENT: no such file or directory, open '/home/kavia/workspace/code-generation/calendatasker-120458-120468/calendar_frontend/node_modules/@clerk/clerk-react/dist/esm/hooks/useOrganizationList.js.map'

WARNING in ./node_modules/@clerk/clerk-react/dist/esm/hooks/useOrganizations.js
Module Warning (from ./node_modules/source-map-loader/dist/cjs.js):
Failed to parse source map from '/home/kavia/workspace/code-generation/calendatasker-120458-120468/calendar_frontend/node_modules/@clerk/clerk-react/dist/esm/hooks/useOrganizations.js.map' file: Error: ENOENT: no such file or directory, open '/home/kavia/workspace/code-generation/calendatasker-120458-120468/calendar_frontend/node_modules/@clerk/clerk-react/dist/esm/hooks/useOrganizations.js.map'

WARNING in ./node_modules/@clerk/clerk-react/dist/esm/hooks/useSession.js
Module Warning (from ./node_modules/source-map-loader/dist/cjs.js):
Failed to parse source map from '/home/kavia/workspace/code-generation/calendatasker-120458-120468/calendar_frontend/node_modules/@clerk/clerk-react/dist/esm/hooks/useSession.js.map' file: Error: ENOENT: no such file or directory, open '/home/kavia/workspace/code-generation/calendatasker-120458-120468/calendar_frontend/node_modules/@clerk/clerk-react/dist/esm/hooks/useSession.js.map'

WARNING in ./node_modules/@clerk/clerk-react/dist/esm/hooks/useSessionList.js
Module Warning (from ./node_modules/source-map-loader/dist/cjs.js):
Failed to parse source map from '/home/kavia/workspace/code-generation/calendatasker-120458-120468/calendar_frontend/node_modules/@clerk/clerk-react/dist/esm/hooks/useSessionList.js.map' file: Error: ENOENT: no such file or directory, open '/home/kavia/workspace/code-generation/calendatasker-120458-120468/calendar_frontend/node_modules/@clerk/clerk-react/dist/esm/hooks/useSessionList.js.map'

WARNING in ./node_modules/@clerk/clerk-react/dist/esm/hooks/useSignIn.js
Module Warning (from ./node_modules/source-map-loader/dist/cjs.js):
Failed to parse source map from '/home/kavia/workspace/code-generation/calendatasker-120458-120468/calendar_frontend/node_modules/@clerk/clerk-react/dist/esm/hooks/useSignIn.js.map' file: Error: ENOENT: no such file or directory, open '/home/kavia/workspace/code-generation/calendatasker-120458-120468/calendar_frontend/node_modules/@clerk/clerk-react/dist/esm/hooks/useSignIn.js.map'

WARNING in ./node_modules/@clerk/clerk-react/dist/esm/hooks/useSignUp.js
Module Warning (from ./node_modules/source-map-loader/dist/cjs.js):
Failed to parse source map from '/home/kavia/workspace/code-generation/calendatasker-120458-120468/calendar_frontend/node_modules/@clerk/clerk-react/dist/esm/hooks/useSignUp.js.map' file: Error: ENOENT: no such file or directory, open '/home/kavia/workspace/code-generation/calendatasker-120458-120468/calendar_frontend/node_modules/@clerk/clerk-react/dist/esm/hooks/useSignUp.js.map'

WARNING in ./node_modules/@clerk/clerk-react/dist/esm/hooks/useUser.js
Module Warning (from ./node_modules/source-map-loader/dist/cjs.js):
Failed to parse source map from '/home/kavia/workspace/code-generation/calendatasker-120458-120468/calendar_frontend/node_modules/@clerk/clerk-react/dist/esm/hooks/useUser.js.map' file: Error: ENOENT: no such file or directory, open '/home/kavia/workspace/code-generation/calendatasker-120458-120468/calendar_frontend/node_modules/@clerk/clerk-react/dist/esm/hooks/useUser.js.map'

WARNING in ./node_modules/@clerk/clerk-react/dist/esm/index.js
Module Warning (from ./node_modules/source-map-loader/dist/cjs.js):
Failed to parse source map from '/home/kavia/workspace/code-generation/calendatasker-120458-120468/calendar_frontend/node_modules/@clerk/clerk-react/dist/esm/index.js.map' file: Error: ENOENT: no such file or directory, open '/home/kavia/workspace/code-generation/calendatasker-120458-120468/calendar_frontend/node_modules/@clerk/clerk-react/dist/esm/index.js.map'

WARNING in ./node_modules/@clerk/clerk-react/dist/esm/polyfills.js
Module Warning (from ./node_modules/source-map-loader/dist/cjs.js):
Failed to parse source map from '/home/kavia/workspace/code-generation/calendatasker-120458-120468/calendar_frontend/node_modules/@clerk/clerk-react/dist/esm/polyfills.js.map' file: Error: ENOENT: no such file or directory, open '/home/kavia/workspace/code-generation/calendatasker-120458-120468/calendar_frontend/node_modules/@clerk/clerk-react/dist/esm/polyfills.js.map'

WARNING in [eslint] 
src/components/AuthProvider.jsx
  Line 2:25:  'useAuth' is defined but never used  no-unused-vars

src/components/AuthUI.jsx
  Line 2:18:  'SignUp' is defined but never used  no-unused-vars

webpack compiled with 27 warnings
